// Jest Snapshot v1, https://goo.gl/fbAQLP

exports[`structural store actions on a grid-less form (golden): 0. seed document 1`] = `
{
  "pages": [
    {
      "fields": [
        {
          "defaultValue": "",
          "hint": "",
          "id": "fA",
          "label": "Name",
          "placeholder": "",
          "prefix": "",
          "required": false,
          "type": "text_input_field",
          "validation": {
            "required": false,
            "type": "text_field_validation",
          },
        },
        {
          "defaultValue": "",
          "hint": "",
          "id": "fB",
          "label": "Email",
          "placeholder": "",
          "prefix": "",
          "required": true,
          "type": "email_field",
          "validation": {
            "required": true,
            "type": "fillable_form_field",
          },
        },
        {
          "defaultValue": "",
          "deleted": true,
          "hint": "",
          "id": "fC",
          "label": "Removed earlier",
          "placeholder": "",
          "prefix": "",
          "required": false,
          "type": "number_field",
          "validation": {
            "required": false,
            "type": "fillable_form_field",
          },
        },
        {
          "defaultValue": "",
          "hint": "",
          "id": "fD",
          "label": "Age",
          "max": 99,
          "min": 1,
          "placeholder": "",
          "prefix": "",
          "required": false,
          "type": "number_field",
          "validation": {
            "required": false,
            "type": "fillable_form_field",
          },
        },
        {
          "content": "<p>Intro</p>",
          "defaultValue": "",
          "hint": "",
          "id": "fE",
          "label": "",
          "placeholder": "",
          "prefix": "",
          "required": false,
          "type": "rich_text_field",
        },
      ],
      "id": "p1",
      "order": 0,
      "title": "Page One",
    },
    {
      "fields": [
        {
          "defaultValue": "",
          "hint": "",
          "id": "fF",
          "label": "Colours",
          "options": [
            "Red",
            "Blue",
          ],
          "placeholder": "",
          "prefix": "",
          "required": false,
          "type": "checkbox_field",
          "validation": {
            "required": false,
            "type": "checkbox_field_validation",
          },
        },
        {
          "defaultValue": "",
          "hint": "",
          "id": "fG",
          "label": "Size",
          "options": [
            "S",
            "M",
            "L",
          ],
          "placeholder": "",
          "prefix": "",
          "required": false,
          "type": "radio_field",
          "validation": {
            "required": false,
            "type": "fillable_form_field",
          },
        },
        {
          "defaultValue": "",
          "hint": "",
          "id": "fH",
          "label": "When",
          "placeholder": "",
          "prefix": "",
          "required": false,
          "type": "date_field",
          "validation": {
            "required": false,
            "type": "fillable_form_field",
          },
        },
      ],
      "id": "p2",
      "order": 1,
      "title": "Page Two",
    },
  ],
}
`;

exports[`structural store actions on a grid-less form (golden): addEmptyPage 1`] = `
{
  "pages": [
    {
      "fields": [
        {
          "defaultValue": "",
          "hint": "",
          "id": "fB",
          "label": "Email",
          "placeholder": "",
          "prefix": "",
          "required": true,
          "type": "email_field",
          "validation": {
            "required": true,
            "type": "fillable_form_field",
          },
        },
        {
          "defaultValue": "",
          "hint": "",
          "id": "f000000004",
          "label": "Email (Copy)",
          "placeholder": "",
          "prefix": "",
          "required": true,
          "suffix": "",
          "type": "email_field",
          "validation": {
            "required": true,
            "type": "fillable_form_field",
          },
        },
        {
          "defaultValue": "",
          "deleted": true,
          "hint": "",
          "id": "fC",
          "label": "Removed earlier",
          "placeholder": "",
          "prefix": "",
          "required": false,
          "type": "number_field",
          "validation": {
            "required": false,
            "type": "fillable_form_field",
          },
        },
        {
          "defaultValue": "",
          "hint": "",
          "id": "f000000003",
          "label": "Inserted",
          "options": [
            "x",
          ],
          "placeholder": "",
          "prefix": "",
          "required": false,
          "suffix": "",
          "type": "select_field",
          "validation": {
            "required": false,
            "type": "fillable_form_field",
          },
        },
        {
          "defaultValue": "",
          "hint": "",
          "id": "f000000005",
          "label": "Name",
          "placeholder": "",
          "prefix": "",
          "required": false,
          "suffix": "",
          "type": "text_area_field",
          "validation": {
            "required": false,
            "type": "text_field_validation",
          },
        },
        {
          "defaultValue": "",
          "deleted": false,
          "hint": "",
          "id": "fD",
          "label": "Age",
          "max": 99,
          "min": 1,
          "placeholder": "",
          "prefix": "",
          "required": false,
          "type": "number_field",
          "validation": {
            "required": false,
            "type": "fillable_form_field",
          },
        },
        {
          "content": "<p>Intro</p>",
          "defaultValue": "",
          "hint": "",
          "id": "fE",
          "label": "",
          "placeholder": "",
          "prefix": "",
          "required": false,
          "type": "rich_text_field",
        },
        {
          "defaultValue": "",
          "hint": "",
          "id": "f000000001",
          "label": "Comments",
          "placeholder": "",
          "prefix": "",
          "required": false,
          "suffix": "",
          "type": "text_area_field",
          "validation": {
            "required": false,
            "type": "text_field_validation",
          },
        },
        {
          "content": "<p>Hello</p>",
          "id": "f000000002",
          "type": "rich_text_field",
        },
        {
          "defaultValue": "",
          "hint": "",
          "id": "f000000006",
          "label": "Size (Copy)",
          "options": [
            "S",
            "M",
            "L",
          ],
          "placeholder": "",
          "prefix": "",
          "required": false,
          "suffix": "",
          "type": "radio_field",
          "validation": {
            "required": false,
            "type": "fillable_form_field",
          },
        },
      ],
      "id": "p1",
      "order": 0,
      "title": "Page One",
    },
    {
      "fields": [
        {
          "defaultValue": "",
          "hint": "",
          "id": "fF",
          "label": "Colours",
          "options": [
            "Red",
            "Blue",
          ],
          "placeholder": "",
          "prefix": "",
          "required": false,
          "type": "checkbox_field",
          "validation": {
            "required": false,
            "type": "checkbox_field_validation",
          },
        },
        {
          "defaultValue": "",
          "hint": "",
          "id": "fG",
          "label": "Size",
          "options": [
            "S",
            "M",
            "L",
          ],
          "placeholder": "",
          "prefix": "",
          "required": false,
          "type": "radio_field",
          "validation": {
            "required": false,
            "type": "fillable_form_field",
          },
        },
        {
          "defaultValue": "",
          "hint": "",
          "id": "fH",
          "label": "When",
          "placeholder": "",
          "prefix": "",
          "required": false,
          "type": "date_field",
          "validation": {
            "required": false,
            "type": "fillable_form_field",
          },
        },
      ],
      "id": "p2",
      "order": 1,
      "title": "Page Two",
    },
    {
      "fields": [],
      "id": "p000000007",
      "order": 2,
      "showPageName": true,
      "title": "New Page 3",
    },
  ],
}
`;

exports[`structural store actions on a grid-less form (golden): addField appends 1`] = `
{
  "pages": [
    {
      "fields": [
        {
          "defaultValue": "",
          "hint": "",
          "id": "fA",
          "label": "Name",
          "placeholder": "",
          "prefix": "",
          "required": false,
          "type": "text_input_field",
          "validation": {
            "required": false,
            "type": "text_field_validation",
          },
        },
        {
          "defaultValue": "",
          "hint": "",
          "id": "fB",
          "label": "Email",
          "placeholder": "",
          "prefix": "",
          "required": true,
          "type": "email_field",
          "validation": {
            "required": true,
            "type": "fillable_form_field",
          },
        },
        {
          "defaultValue": "",
          "deleted": true,
          "hint": "",
          "id": "fC",
          "label": "Removed earlier",
          "placeholder": "",
          "prefix": "",
          "required": false,
          "type": "number_field",
          "validation": {
            "required": false,
            "type": "fillable_form_field",
          },
        },
        {
          "defaultValue": "",
          "hint": "",
          "id": "fD",
          "label": "Age",
          "max": 99,
          "min": 1,
          "placeholder": "",
          "prefix": "",
          "required": false,
          "type": "number_field",
          "validation": {
            "required": false,
            "type": "fillable_form_field",
          },
        },
        {
          "content": "<p>Intro</p>",
          "defaultValue": "",
          "hint": "",
          "id": "fE",
          "label": "",
          "placeholder": "",
          "prefix": "",
          "required": false,
          "type": "rich_text_field",
        },
        {
          "defaultValue": "",
          "hint": "",
          "id": "f000000001",
          "label": "Comments",
          "placeholder": "",
          "prefix": "",
          "required": false,
          "suffix": "",
          "type": "text_area_field",
          "validation": {
            "required": false,
            "type": "text_field_validation",
          },
        },
      ],
      "id": "p1",
      "order": 0,
      "title": "Page One",
    },
    {
      "fields": [
        {
          "defaultValue": "",
          "hint": "",
          "id": "fF",
          "label": "Colours",
          "options": [
            "Red",
            "Blue",
          ],
          "placeholder": "",
          "prefix": "",
          "required": false,
          "type": "checkbox_field",
          "validation": {
            "required": false,
            "type": "checkbox_field_validation",
          },
        },
        {
          "defaultValue": "",
          "hint": "",
          "id": "fG",
          "label": "Size",
          "options": [
            "S",
            "M",
            "L",
          ],
          "placeholder": "",
          "prefix": "",
          "required": false,
          "type": "radio_field",
          "validation": {
            "required": false,
            "type": "fillable_form_field",
          },
        },
        {
          "defaultValue": "",
          "hint": "",
          "id": "fH",
          "label": "When",
          "placeholder": "",
          "prefix": "",
          "required": false,
          "type": "date_field",
          "validation": {
            "required": false,
            "type": "fillable_form_field",
          },
        },
      ],
      "id": "p2",
      "order": 1,
      "title": "Page Two",
    },
  ],
}
`;

exports[`structural store actions on a grid-less form (golden): addField appends rich text with its content 1`] = `
{
  "pages": [
    {
      "fields": [
        {
          "defaultValue": "",
          "hint": "",
          "id": "fA",
          "label": "Name",
          "placeholder": "",
          "prefix": "",
          "required": false,
          "type": "text_input_field",
          "validation": {
            "required": false,
            "type": "text_field_validation",
          },
        },
        {
          "defaultValue": "",
          "hint": "",
          "id": "fB",
          "label": "Email",
          "placeholder": "",
          "prefix": "",
          "required": true,
          "type": "email_field",
          "validation": {
            "required": true,
            "type": "fillable_form_field",
          },
        },
        {
          "defaultValue": "",
          "deleted": true,
          "hint": "",
          "id": "fC",
          "label": "Removed earlier",
          "placeholder": "",
          "prefix": "",
          "required": false,
          "type": "number_field",
          "validation": {
            "required": false,
            "type": "fillable_form_field",
          },
        },
        {
          "defaultValue": "",
          "hint": "",
          "id": "fD",
          "label": "Age",
          "max": 99,
          "min": 1,
          "placeholder": "",
          "prefix": "",
          "required": false,
          "type": "number_field",
          "validation": {
            "required": false,
            "type": "fillable_form_field",
          },
        },
        {
          "content": "<p>Intro</p>",
          "defaultValue": "",
          "hint": "",
          "id": "fE",
          "label": "",
          "placeholder": "",
          "prefix": "",
          "required": false,
          "type": "rich_text_field",
        },
        {
          "defaultValue": "",
          "hint": "",
          "id": "f000000001",
          "label": "Comments",
          "placeholder": "",
          "prefix": "",
          "required": false,
          "suffix": "",
          "type": "text_area_field",
          "validation": {
            "required": false,
            "type": "text_field_validation",
          },
        },
        {
          "content": "<p>Hello</p>",
          "id": "f000000002",
          "type": "rich_text_field",
        },
      ],
      "id": "p1",
      "order": 0,
      "title": "Page One",
    },
    {
      "fields": [
        {
          "defaultValue": "",
          "hint": "",
          "id": "fF",
          "label": "Colours",
          "options": [
            "Red",
            "Blue",
          ],
          "placeholder": "",
          "prefix": "",
          "required": false,
          "type": "checkbox_field",
          "validation": {
            "required": false,
            "type": "checkbox_field_validation",
          },
        },
        {
          "defaultValue": "",
          "hint": "",
          "id": "fG",
          "label": "Size",
          "options": [
            "S",
            "M",
            "L",
          ],
          "placeholder": "",
          "prefix": "",
          "required": false,
          "type": "radio_field",
          "validation": {
            "required": false,
            "type": "fillable_form_field",
          },
        },
        {
          "defaultValue": "",
          "hint": "",
          "id": "fH",
          "label": "When",
          "placeholder": "",
          "prefix": "",
          "required": false,
          "type": "date_field",
          "validation": {
            "required": false,
            "type": "fillable_form_field",
          },
        },
      ],
      "id": "p2",
      "order": 1,
      "title": "Page Two",
    },
  ],
}
`;

exports[`structural store actions on a grid-less form (golden): addFieldAtIndex lands in the visual slot when a soft-deleted field precedes it 1`] = `
{
  "pages": [
    {
      "fields": [
        {
          "defaultValue": "",
          "hint": "",
          "id": "fA",
          "label": "Name",
          "placeholder": "",
          "prefix": "",
          "required": false,
          "type": "text_input_field",
          "validation": {
            "required": false,
            "type": "text_field_validation",
          },
        },
        {
          "defaultValue": "",
          "hint": "",
          "id": "fB",
          "label": "Email",
          "placeholder": "",
          "prefix": "",
          "required": true,
          "type": "email_field",
          "validation": {
            "required": true,
            "type": "fillable_form_field",
          },
        },
        {
          "defaultValue": "",
          "deleted": true,
          "hint": "",
          "id": "fC",
          "label": "Removed earlier",
          "placeholder": "",
          "prefix": "",
          "required": false,
          "type": "number_field",
          "validation": {
            "required": false,
            "type": "fillable_form_field",
          },
        },
        {
          "defaultValue": "",
          "hint": "",
          "id": "f000000003",
          "label": "Inserted",
          "options": [
            "x",
          ],
          "placeholder": "",
          "prefix": "",
          "required": false,
          "suffix": "",
          "type": "select_field",
          "validation": {
            "required": false,
            "type": "fillable_form_field",
          },
        },
        {
          "defaultValue": "",
          "hint": "",
          "id": "fD",
          "label": "Age",
          "max": 99,
          "min": 1,
          "placeholder": "",
          "prefix": "",
          "required": false,
          "type": "number_field",
          "validation": {
            "required": false,
            "type": "fillable_form_field",
          },
        },
        {
          "content": "<p>Intro</p>",
          "defaultValue": "",
          "hint": "",
          "id": "fE",
          "label": "",
          "placeholder": "",
          "prefix": "",
          "required": false,
          "type": "rich_text_field",
        },
        {
          "defaultValue": "",
          "hint": "",
          "id": "f000000001",
          "label": "Comments",
          "placeholder": "",
          "prefix": "",
          "required": false,
          "suffix": "",
          "type": "text_area_field",
          "validation": {
            "required": false,
            "type": "text_field_validation",
          },
        },
        {
          "content": "<p>Hello</p>",
          "id": "f000000002",
          "type": "rich_text_field",
        },
      ],
      "id": "p1",
      "order": 0,
      "title": "Page One",
    },
    {
      "fields": [
        {
          "defaultValue": "",
          "hint": "",
          "id": "fF",
          "label": "Colours",
          "options": [
            "Red",
            "Blue",
          ],
          "placeholder": "",
          "prefix": "",
          "required": false,
          "type": "checkbox_field",
          "validation": {
            "required": false,
            "type": "checkbox_field_validation",
          },
        },
        {
          "defaultValue": "",
          "hint": "",
          "id": "fG",
          "label": "Size",
          "options": [
            "S",
            "M",
            "L",
          ],
          "placeholder": "",
          "prefix": "",
          "required": false,
          "type": "radio_field",
          "validation": {
            "required": false,
            "type": "fillable_form_field",
          },
        },
        {
          "defaultValue": "",
          "hint": "",
          "id": "fH",
          "label": "When",
          "placeholder": "",
          "prefix": "",
          "required": false,
          "type": "date_field",
          "validation": {
            "required": false,
            "type": "fillable_form_field",
          },
        },
      ],
      "id": "p2",
      "order": 1,
      "title": "Page Two",
    },
  ],
}
`;

exports[`structural store actions on a grid-less form (golden): addPageAtPosition 1`] = `
{
  "pages": [
    {
      "fields": [
        {
          "defaultValue": "",
          "hint": "",
          "id": "fB",
          "label": "Email",
          "placeholder": "",
          "prefix": "",
          "required": true,
          "type": "email_field",
          "validation": {
            "required": true,
            "type": "fillable_form_field",
          },
        },
        {
          "defaultValue": "",
          "hint": "",
          "id": "f000000004",
          "label": "Email (Copy)",
          "placeholder": "",
          "prefix": "",
          "required": true,
          "suffix": "",
          "type": "email_field",
          "validation": {
            "required": true,
            "type": "fillable_form_field",
          },
        },
        {
          "defaultValue": "",
          "deleted": true,
          "hint": "",
          "id": "fC",
          "label": "Removed earlier",
          "placeholder": "",
          "prefix": "",
          "required": false,
          "type": "number_field",
          "validation": {
            "required": false,
            "type": "fillable_form_field",
          },
        },
        {
          "defaultValue": "",
          "hint": "",
          "id": "f000000003",
          "label": "Inserted",
          "options": [
            "x",
          ],
          "placeholder": "",
          "prefix": "",
          "required": false,
          "suffix": "",
          "type": "select_field",
          "validation": {
            "required": false,
            "type": "fillable_form_field",
          },
        },
        {
          "defaultValue": "",
          "hint": "",
          "id": "f000000005",
          "label": "Name",
          "placeholder": "",
          "prefix": "",
          "required": false,
          "suffix": "",
          "type": "text_area_field",
          "validation": {
            "required": false,
            "type": "text_field_validation",
          },
        },
        {
          "defaultValue": "",
          "deleted": false,
          "hint": "",
          "id": "fD",
          "label": "Age",
          "max": 99,
          "min": 1,
          "placeholder": "",
          "prefix": "",
          "required": false,
          "type": "number_field",
          "validation": {
            "required": false,
            "type": "fillable_form_field",
          },
        },
        {
          "content": "<p>Intro</p>",
          "defaultValue": "",
          "hint": "",
          "id": "fE",
          "label": "",
          "placeholder": "",
          "prefix": "",
          "required": false,
          "type": "rich_text_field",
        },
        {
          "defaultValue": "",
          "hint": "",
          "id": "f000000001",
          "label": "Comments",
          "placeholder": "",
          "prefix": "",
          "required": false,
          "suffix": "",
          "type": "text_area_field",
          "validation": {
            "required": false,
            "type": "text_field_validation",
          },
        },
        {
          "content": "<p>Hello</p>",
          "id": "f000000002",
          "type": "rich_text_field",
        },
        {
          "defaultValue": "",
          "hint": "",
          "id": "f000000006",
          "label": "Size (Copy)",
          "options": [
            "S",
            "M",
            "L",
          ],
          "placeholder": "",
          "prefix": "",
          "required": false,
          "suffix": "",
          "type": "radio_field",
          "validation": {
            "required": false,
            "type": "fillable_form_field",
          },
        },
      ],
      "id": "p1",
      "order": 0,
      "title": "Page One",
    },
    {
      "description": "",
      "fields": [],
      "id": "p9",
      "order": 1,
      "showPageName": true,
      "title": "Inserted Page",
    },
    {
      "fields": [
        {
          "defaultValue": "",
          "hint": "",
          "id": "fF",
          "label": "Colours",
          "options": [
            "Red",
            "Blue",
          ],
          "placeholder": "",
          "prefix": "",
          "required": false,
          "type": "checkbox_field",
          "validation": {
            "required": false,
            "type": "checkbox_field_validation",
          },
        },
        {
          "defaultValue": "",
          "hint": "",
          "id": "fG",
          "label": "Size",
          "options": [
            "S",
            "M",
            "L",
          ],
          "placeholder": "",
          "prefix": "",
          "required": false,
          "type": "radio_field",
          "validation": {
            "required": false,
            "type": "fillable_form_field",
          },
        },
        {
          "defaultValue": "",
          "hint": "",
          "id": "fH",
          "label": "When",
          "placeholder": "",
          "prefix": "",
          "required": false,
          "type": "date_field",
          "validation": {
            "required": false,
            "type": "fillable_form_field",
          },
        },
      ],
      "id": "p2",
      "order": 2,
      "title": "Page Two",
    },
    {
      "fields": [],
      "id": "p000000007",
      "order": 3,
      "showPageName": true,
      "title": "New Page 3",
    },
  ],
}
`;

exports[`structural store actions on a grid-less form (golden): convertFieldType 1`] = `
{
  "pages": [
    {
      "fields": [
        {
          "defaultValue": "",
          "hint": "",
          "id": "fB",
          "label": "Email",
          "placeholder": "",
          "prefix": "",
          "required": true,
          "type": "email_field",
          "validation": {
            "required": true,
            "type": "fillable_form_field",
          },
        },
        {
          "defaultValue": "",
          "hint": "",
          "id": "f000000004",
          "label": "Email (Copy)",
          "placeholder": "",
          "prefix": "",
          "required": true,
          "suffix": "",
          "type": "email_field",
          "validation": {
            "required": true,
            "type": "fillable_form_field",
          },
        },
        {
          "defaultValue": "",
          "deleted": true,
          "hint": "",
          "id": "fC",
          "label": "Removed earlier",
          "placeholder": "",
          "prefix": "",
          "required": false,
          "type": "number_field",
          "validation": {
            "required": false,
            "type": "fillable_form_field",
          },
        },
        {
          "defaultValue": "",
          "hint": "",
          "id": "f000000003",
          "label": "Inserted",
          "options": [
            "x",
          ],
          "placeholder": "",
          "prefix": "",
          "required": false,
          "suffix": "",
          "type": "select_field",
          "validation": {
            "required": false,
            "type": "fillable_form_field",
          },
        },
        {
          "defaultValue": "",
          "hint": "",
          "id": "f000000005",
          "label": "Name",
          "placeholder": "",
          "prefix": "",
          "required": false,
          "suffix": "",
          "type": "text_area_field",
          "validation": {
            "required": false,
            "type": "text_field_validation",
          },
        },
        {
          "defaultValue": "",
          "hint": "",
          "id": "fD",
          "label": "Age",
          "max": 99,
          "min": 1,
          "placeholder": "",
          "prefix": "",
          "required": false,
          "type": "number_field",
          "validation": {
            "required": false,
            "type": "fillable_form_field",
          },
        },
        {
          "content": "<p>Intro</p>",
          "defaultValue": "",
          "hint": "",
          "id": "fE",
          "label": "",
          "placeholder": "",
          "prefix": "",
          "required": false,
          "type": "rich_text_field",
        },
        {
          "defaultValue": "",
          "hint": "",
          "id": "f000000001",
          "label": "Comments",
          "placeholder": "",
          "prefix": "",
          "required": false,
          "suffix": "",
          "type": "text_area_field",
          "validation": {
            "required": false,
            "type": "text_field_validation",
          },
        },
        {
          "content": "<p>Hello</p>",
          "id": "f000000002",
          "type": "rich_text_field",
        },
      ],
      "id": "p1",
      "order": 0,
      "title": "Page One",
    },
    {
      "fields": [
        {
          "defaultValue": "",
          "hint": "",
          "id": "fF",
          "label": "Colours",
          "options": [
            "Red",
            "Blue",
          ],
          "placeholder": "",
          "prefix": "",
          "required": false,
          "type": "checkbox_field",
          "validation": {
            "required": false,
            "type": "checkbox_field_validation",
          },
        },
        {
          "defaultValue": "",
          "hint": "",
          "id": "fG",
          "label": "Size",
          "options": [
            "S",
            "M",
            "L",
          ],
          "placeholder": "",
          "prefix": "",
          "required": false,
          "type": "radio_field",
          "validation": {
            "required": false,
            "type": "fillable_form_field",
          },
        },
        {
          "defaultValue": "",
          "hint": "",
          "id": "fH",
          "label": "When",
          "placeholder": "",
          "prefix": "",
          "required": false,
          "type": "date_field",
          "validation": {
            "required": false,
            "type": "fillable_form_field",
          },
        },
      ],
      "id": "p2",
      "order": 1,
      "title": "Page Two",
    },
  ],
}
`;

exports[`structural store actions on a grid-less form (golden): copyFieldToPage 1`] = `
{
  "pages": [
    {
      "fields": [
        {
          "defaultValue": "",
          "hint": "",
          "id": "fB",
          "label": "Email",
          "placeholder": "",
          "prefix": "",
          "required": true,
          "type": "email_field",
          "validation": {
            "required": true,
            "type": "fillable_form_field",
          },
        },
        {
          "defaultValue": "",
          "hint": "",
          "id": "f000000004",
          "label": "Email (Copy)",
          "placeholder": "",
          "prefix": "",
          "required": true,
          "suffix": "",
          "type": "email_field",
          "validation": {
            "required": true,
            "type": "fillable_form_field",
          },
        },
        {
          "defaultValue": "",
          "deleted": true,
          "hint": "",
          "id": "fC",
          "label": "Removed earlier",
          "placeholder": "",
          "prefix": "",
          "required": false,
          "type": "number_field",
          "validation": {
            "required": false,
            "type": "fillable_form_field",
          },
        },
        {
          "defaultValue": "",
          "hint": "",
          "id": "f000000003",
          "label": "Inserted",
          "options": [
            "x",
          ],
          "placeholder": "",
          "prefix": "",
          "required": false,
          "suffix": "",
          "type": "select_field",
          "validation": {
            "required": false,
            "type": "fillable_form_field",
          },
        },
        {
          "defaultValue": "",
          "hint": "",
          "id": "f000000005",
          "label": "Name",
          "placeholder": "",
          "prefix": "",
          "required": false,
          "suffix": "",
          "type": "text_area_field",
          "validation": {
            "required": false,
            "type": "text_field_validation",
          },
        },
        {
          "defaultValue": "",
          "deleted": false,
          "hint": "",
          "id": "fD",
          "label": "Age",
          "max": 99,
          "min": 1,
          "placeholder": "",
          "prefix": "",
          "required": false,
          "type": "number_field",
          "validation": {
            "required": false,
            "type": "fillable_form_field",
          },
        },
        {
          "content": "<p>Intro</p>",
          "defaultValue": "",
          "hint": "",
          "id": "fE",
          "label": "",
          "placeholder": "",
          "prefix": "",
          "required": false,
          "type": "rich_text_field",
        },
        {
          "defaultValue": "",
          "hint": "",
          "id": "f000000001",
          "label": "Comments",
          "placeholder": "",
          "prefix": "",
          "required": false,
          "suffix": "",
          "type": "text_area_field",
          "validation": {
            "required": false,
            "type": "text_field_validation",
          },
        },
        {
          "content": "<p>Hello</p>",
          "id": "f000000002",
          "type": "rich_text_field",
        },
        {
          "defaultValue": "",
          "hint": "",
          "id": "f000000006",
          "label": "Size (Copy)",
          "options": [
            "S",
            "M",
            "L",
          ],
          "placeholder": "",
          "prefix": "",
          "required": false,
          "suffix": "",
          "type": "radio_field",
          "validation": {
            "required": false,
            "type": "fillable_form_field",
          },
        },
      ],
      "id": "p1",
      "order": 0,
      "title": "Page One",
    },
    {
      "fields": [
        {
          "defaultValue": "",
          "hint": "",
          "id": "fF",
          "label": "Colours",
          "options": [
            "Red",
            "Blue",
          ],
          "placeholder": "",
          "prefix": "",
          "required": false,
          "type": "checkbox_field",
          "validation": {
            "required": false,
            "type": "checkbox_field_validation",
          },
        },
        {
          "defaultValue": "",
          "hint": "",
          "id": "fG",
          "label": "Size",
          "options": [
            "S",
            "M",
            "L",
          ],
          "placeholder": "",
          "prefix": "",
          "required": false,
          "type": "radio_field",
          "validation": {
            "required": false,
            "type": "fillable_form_field",
          },
        },
        {
          "defaultValue": "",
          "hint": "",
          "id": "fH",
          "label": "When",
          "placeholder": "",
          "prefix": "",
          "required": false,
          "type": "date_field",
          "validation": {
            "required": false,
            "type": "fillable_form_field",
          },
        },
      ],
      "id": "p2",
      "order": 1,
      "title": "Page Two",
    },
  ],
}
`;

exports[`structural store actions on a grid-less form (golden): duplicateField 1`] = `
{
  "pages": [
    {
      "fields": [
        {
          "defaultValue": "",
          "hint": "",
          "id": "fB",
          "label": "Email",
          "placeholder": "",
          "prefix": "",
          "required": true,
          "type": "email_field",
          "validation": {
            "required": true,
            "type": "fillable_form_field",
          },
        },
        {
          "defaultValue": "",
          "hint": "",
          "id": "f000000004",
          "label": "Email (Copy)",
          "placeholder": "",
          "prefix": "",
          "required": true,
          "suffix": "",
          "type": "email_field",
          "validation": {
            "required": true,
            "type": "fillable_form_field",
          },
        },
        {
          "defaultValue": "",
          "deleted": true,
          "hint": "",
          "id": "fC",
          "label": "Removed earlier",
          "placeholder": "",
          "prefix": "",
          "required": false,
          "type": "number_field",
          "validation": {
            "required": false,
            "type": "fillable_form_field",
          },
        },
        {
          "defaultValue": "",
          "hint": "",
          "id": "f000000003",
          "label": "Inserted",
          "options": [
            "x",
          ],
          "placeholder": "",
          "prefix": "",
          "required": false,
          "suffix": "",
          "type": "select_field",
          "validation": {
            "required": false,
            "type": "fillable_form_field",
          },
        },
        {
          "defaultValue": "",
          "hint": "",
          "id": "fA",
          "label": "Name",
          "placeholder": "",
          "prefix": "",
          "required": false,
          "suffix": "",
          "type": "text_input_field",
          "validation": {
            "required": false,
            "type": "text_field_validation",
          },
        },
        {
          "defaultValue": "",
          "hint": "",
          "id": "fD",
          "label": "Age",
          "max": 99,
          "min": 1,
          "placeholder": "",
          "prefix": "",
          "required": false,
          "type": "number_field",
          "validation": {
            "required": false,
            "type": "fillable_form_field",
          },
        },
        {
          "content": "<p>Intro</p>",
          "defaultValue": "",
          "hint": "",
          "id": "fE",
          "label": "",
          "placeholder": "",
          "prefix": "",
          "required": false,
          "type": "rich_text_field",
        },
        {
          "defaultValue": "",
          "hint": "",
          "id": "f000000001",
          "label": "Comments",
          "placeholder": "",
          "prefix": "",
          "required": false,
          "suffix": "",
          "type": "text_area_field",
          "validation": {
            "required": false,
            "type": "text_field_validation",
          },
        },
        {
          "content": "<p>Hello</p>",
          "id": "f000000002",
          "type": "rich_text_field",
        },
      ],
      "id": "p1",
      "order": 0,
      "title": "Page One",
    },
    {
      "fields": [
        {
          "defaultValue": "",
          "hint": "",
          "id": "fF",
          "label": "Colours",
          "options": [
            "Red",
            "Blue",
          ],
          "placeholder": "",
          "prefix": "",
          "required": false,
          "type": "checkbox_field",
          "validation": {
            "required": false,
            "type": "checkbox_field_validation",
          },
        },
        {
          "defaultValue": "",
          "hint": "",
          "id": "fG",
          "label": "Size",
          "options": [
            "S",
            "M",
            "L",
          ],
          "placeholder": "",
          "prefix": "",
          "required": false,
          "type": "radio_field",
          "validation": {
            "required": false,
            "type": "fillable_form_field",
          },
        },
        {
          "defaultValue": "",
          "hint": "",
          "id": "fH",
          "label": "When",
          "placeholder": "",
          "prefix": "",
          "required": false,
          "type": "date_field",
          "validation": {
            "required": false,
            "type": "fillable_form_field",
          },
        },
      ],
      "id": "p2",
      "order": 1,
      "title": "Page Two",
    },
  ],
}
`;

exports[`structural store actions on a grid-less form (golden): duplicatePage 1`] = `
{
  "pages": [
    {
      "fields": [
        {
          "defaultValue": "",
          "hint": "",
          "id": "fB",
          "label": "Email",
          "placeholder": "",
          "prefix": "",
          "required": true,
          "type": "email_field",
          "validation": {
            "required": true,
            "type": "fillable_form_field",
          },
        },
        {
          "defaultValue": "",
          "hint": "",
          "id": "f000000004",
          "label": "Email (Copy)",
          "placeholder": "",
          "prefix": "",
          "required": true,
          "suffix": "",
          "type": "email_field",
          "validation": {
            "required": true,
            "type": "fillable_form_field",
          },
        },
        {
          "defaultValue": "",
          "deleted": true,
          "hint": "",
          "id": "fC",
          "label": "Removed earlier",
          "placeholder": "",
          "prefix": "",
          "required": false,
          "type": "number_field",
          "validation": {
            "required": false,
            "type": "fillable_form_field",
          },
        },
        {
          "defaultValue": "",
          "hint": "",
          "id": "f000000003",
          "label": "Inserted",
          "options": [
            "x",
          ],
          "placeholder": "",
          "prefix": "",
          "required": false,
          "suffix": "",
          "type": "select_field",
          "validation": {
            "required": false,
            "type": "fillable_form_field",
          },
        },
        {
          "defaultValue": "",
          "hint": "",
          "id": "f000000005",
          "label": "Name",
          "placeholder": "",
          "prefix": "",
          "required": false,
          "suffix": "",
          "type": "text_area_field",
          "validation": {
            "required": false,
            "type": "text_field_validation",
          },
        },
        {
          "defaultValue": "",
          "deleted": false,
          "hint": "",
          "id": "fD",
          "label": "Age",
          "max": 99,
          "min": 1,
          "placeholder": "",
          "prefix": "",
          "required": false,
          "type": "number_field",
          "validation": {
            "required": false,
            "type": "fillable_form_field",
          },
        },
        {
          "content": "<p>Intro</p>",
          "defaultValue": "",
          "hint": "",
          "id": "fE",
          "label": "",
          "placeholder": "",
          "prefix": "",
          "required": false,
          "type": "rich_text_field",
        },
        {
          "defaultValue": "",
          "hint": "",
          "id": "f000000001",
          "label": "Comments",
          "placeholder": "",
          "prefix": "",
          "required": false,
          "suffix": "",
          "type": "text_area_field",
          "validation": {
            "required": false,
            "type": "text_field_validation",
          },
        },
        {
          "content": "<p>Hello</p>",
          "id": "f000000002",
          "type": "rich_text_field",
        },
        {
          "defaultValue": "",
          "hint": "",
          "id": "f000000006",
          "label": "Size (Copy)",
          "options": [
            "S",
            "M",
            "L",
          ],
          "placeholder": "",
          "prefix": "",
          "required": false,
          "suffix": "",
          "type": "radio_field",
          "validation": {
            "required": false,
            "type": "fillable_form_field",
          },
        },
      ],
      "id": "p1",
      "order": 0,
      "title": "Page One",
    },
    {
      "description": "",
      "fields": [],
      "id": "p9",
      "order": 1,
      "showPageName": true,
      "title": "Inserted Page",
    },
    {
      "fields": [
        {
          "defaultValue": "",
          "hint": "",
          "id": "fF",
          "label": "Colours",
          "options": [
            "Red",
            "Blue",
          ],
          "placeholder": "",
          "prefix": "",
          "required": false,
          "type": "checkbox_field",
          "validation": {
            "required": false,
            "type": "checkbox_field_validation",
          },
        },
        {
          "defaultValue": "",
          "hint": "",
          "id": "fG",
          "label": "Size",
          "options": [
            "S",
            "M",
            "L",
          ],
          "placeholder": "",
          "prefix": "",
          "required": false,
          "type": "radio_field",
          "validation": {
            "required": false,
            "type": "fillable_form_field",
          },
        },
        {
          "defaultValue": "",
          "hint": "",
          "id": "fH",
          "label": "When",
          "placeholder": "",
          "prefix": "",
          "required": false,
          "type": "date_field",
          "validation": {
            "required": false,
            "type": "fillable_form_field",
          },
        },
      ],
      "id": "p2",
      "order": 2,
      "title": "Page Two",
    },
    {
      "description": "",
      "fields": [
        {
          "defaultValue": [],
          "hint": "",
          "id": "f000000009",
          "label": "Colours",
          "options": [
            "Red",
            "Blue",
          ],
          "placeholder": "",
          "prefix": "",
          "required": false,
          "suffix": "",
          "type": "checkbox_field",
          "validation": {
            "required": false,
            "type": "checkbox_field_validation",
          },
        },
        {
          "defaultValue": "",
          "hint": "",
          "id": "f000000010",
          "label": "Size",
          "options": [
            "S",
            "M",
            "L",
          ],
          "placeholder": "",
          "prefix": "",
          "required": false,
          "suffix": "",
          "type": "radio_field",
          "validation": {
            "required": false,
            "type": "fillable_form_field",
          },
        },
        {
          "defaultValue": "",
          "hint": "",
          "id": "f000000011",
          "label": "When",
          "placeholder": "",
          "prefix": "",
          "required": false,
          "suffix": "",
          "type": "date_field",
          "validation": {
            "required": false,
            "type": "fillable_form_field",
          },
        },
      ],
      "id": "p000000008",
      "order": 3,
      "showPageName": true,
      "title": "Page Two (Copy)",
    },
    {
      "fields": [],
      "id": "p000000007",
      "order": 4,
      "showPageName": true,
      "title": "New Page 3",
    },
  ],
}
`;

exports[`structural store actions on a grid-less form (golden): moveFieldBetweenPages 1`] = `
{
  "pages": [
    {
      "fields": [
        {
          "defaultValue": "",
          "hint": "",
          "id": "fB",
          "label": "Email",
          "placeholder": "",
          "prefix": "",
          "required": true,
          "type": "email_field",
          "validation": {
            "required": true,
            "type": "fillable_form_field",
          },
        },
        {
          "defaultValue": "",
          "hint": "",
          "id": "f000000004",
          "label": "Email (Copy)",
          "placeholder": "",
          "prefix": "",
          "required": true,
          "suffix": "",
          "type": "email_field",
          "validation": {
            "required": true,
            "type": "fillable_form_field",
          },
        },
        {
          "defaultValue": "",
          "deleted": true,
          "hint": "",
          "id": "fC",
          "label": "Removed earlier",
          "placeholder": "",
          "prefix": "",
          "required": false,
          "type": "number_field",
          "validation": {
            "required": false,
            "type": "fillable_form_field",
          },
        },
        {
          "defaultValue": "",
          "hint": "",
          "id": "f000000003",
          "label": "Inserted",
          "options": [
            "x",
          ],
          "placeholder": "",
          "prefix": "",
          "required": false,
          "suffix": "",
          "type": "select_field",
          "validation": {
            "required": false,
            "type": "fillable_form_field",
          },
        },
        {
          "defaultValue": "",
          "hint": "",
          "id": "f000000005",
          "label": "Name",
          "placeholder": "",
          "prefix": "",
          "required": false,
          "suffix": "",
          "type": "text_area_field",
          "validation": {
            "required": false,
            "type": "text_field_validation",
          },
        },
        {
          "defaultValue": "",
          "deleted": false,
          "hint": "",
          "id": "fD",
          "label": "Age",
          "max": 99,
          "min": 1,
          "placeholder": "",
          "prefix": "",
          "required": false,
          "type": "number_field",
          "validation": {
            "required": false,
            "type": "fillable_form_field",
          },
        },
        {
          "content": "<p>Intro</p>",
          "defaultValue": "",
          "hint": "",
          "id": "fE",
          "label": "",
          "placeholder": "",
          "prefix": "",
          "required": false,
          "type": "rich_text_field",
        },
        {
          "defaultValue": "",
          "hint": "",
          "id": "f000000001",
          "label": "Comments",
          "placeholder": "",
          "prefix": "",
          "required": false,
          "suffix": "",
          "type": "text_area_field",
          "validation": {
            "required": false,
            "type": "text_field_validation",
          },
        },
        {
          "content": "<p>Hello</p>",
          "id": "f000000002",
          "type": "rich_text_field",
        },
      ],
      "id": "p1",
      "order": 0,
      "title": "Page One",
    },
    {
      "fields": [
        {
          "defaultValue": "",
          "hint": "",
          "id": "fF",
          "label": "Colours",
          "options": [
            "Red",
            "Blue",
          ],
          "placeholder": "",
          "prefix": "",
          "required": false,
          "type": "checkbox_field",
          "validation": {
            "required": false,
            "type": "checkbox_field_validation",
          },
        },
        {
          "defaultValue": "",
          "hint": "",
          "id": "fG",
          "label": "Size",
          "options": [
            "S",
            "M",
            "L",
          ],
          "placeholder": "",
          "prefix": "",
          "required": false,
          "type": "radio_field",
          "validation": {
            "required": false,
            "type": "fillable_form_field",
          },
        },
        {
          "defaultValue": "",
          "hint": "",
          "id": "fH",
          "label": "When",
          "placeholder": "",
          "prefix": "",
          "required": false,
          "type": "date_field",
          "validation": {
            "required": false,
            "type": "fillable_form_field",
          },
        },
      ],
      "id": "p2",
      "order": 1,
      "title": "Page Two",
    },
  ],
}
`;

exports[`structural store actions on a grid-less form (golden): removeField soft-deletes 1`] = `
{
  "pages": [
    {
      "fields": [
        {
          "defaultValue": "",
          "hint": "",
          "id": "fB",
          "label": "Email",
          "placeholder": "",
          "prefix": "",
          "required": true,
          "type": "email_field",
          "validation": {
            "required": true,
            "type": "fillable_form_field",
          },
        },
        {
          "defaultValue": "",
          "hint": "",
          "id": "f000000004",
          "label": "Email (Copy)",
          "placeholder": "",
          "prefix": "",
          "required": true,
          "suffix": "",
          "type": "email_field",
          "validation": {
            "required": true,
            "type": "fillable_form_field",
          },
        },
        {
          "defaultValue": "",
          "deleted": true,
          "hint": "",
          "id": "fC",
          "label": "Removed earlier",
          "placeholder": "",
          "prefix": "",
          "required": false,
          "type": "number_field",
          "validation": {
            "required": false,
            "type": "fillable_form_field",
          },
        },
        {
          "defaultValue": "",
          "hint": "",
          "id": "f000000003",
          "label": "Inserted",
          "options": [
            "x",
          ],
          "placeholder": "",
          "prefix": "",
          "required": false,
          "suffix": "",
          "type": "select_field",
          "validation": {
            "required": false,
            "type": "fillable_form_field",
          },
        },
        {
          "defaultValue": "",
          "hint": "",
          "id": "f000000005",
          "label": "Name",
          "placeholder": "",
          "prefix": "",
          "required": false,
          "suffix": "",
          "type": "text_area_field",
          "validation": {
            "required": false,
            "type": "text_field_validation",
          },
        },
        {
          "defaultValue": "",
          "deleted": true,
          "hint": "",
          "id": "fD",
          "label": "Age",
          "max": 99,
          "min": 1,
          "placeholder": "",
          "prefix": "",
          "required": false,
          "type": "number_field",
          "validation": {
            "required": false,
            "type": "fillable_form_field",
          },
        },
        {
          "content": "<p>Intro</p>",
          "defaultValue": "",
          "hint": "",
          "id": "fE",
          "label": "",
          "placeholder": "",
          "prefix": "",
          "required": false,
          "type": "rich_text_field",
        },
        {
          "defaultValue": "",
          "hint": "",
          "id": "f000000001",
          "label": "Comments",
          "placeholder": "",
          "prefix": "",
          "required": false,
          "suffix": "",
          "type": "text_area_field",
          "validation": {
            "required": false,
            "type": "text_field_validation",
          },
        },
        {
          "content": "<p>Hello</p>",
          "id": "f000000002",
          "type": "rich_text_field",
        },
      ],
      "id": "p1",
      "order": 0,
      "title": "Page One",
    },
    {
      "fields": [
        {
          "defaultValue": "",
          "hint": "",
          "id": "fF",
          "label": "Colours",
          "options": [
            "Red",
            "Blue",
          ],
          "placeholder": "",
          "prefix": "",
          "required": false,
          "type": "checkbox_field",
          "validation": {
            "required": false,
            "type": "checkbox_field_validation",
          },
        },
        {
          "defaultValue": "",
          "hint": "",
          "id": "fG",
          "label": "Size",
          "options": [
            "S",
            "M",
            "L",
          ],
          "placeholder": "",
          "prefix": "",
          "required": false,
          "type": "radio_field",
          "validation": {
            "required": false,
            "type": "fillable_form_field",
          },
        },
        {
          "defaultValue": "",
          "hint": "",
          "id": "fH",
          "label": "When",
          "placeholder": "",
          "prefix": "",
          "required": false,
          "type": "date_field",
          "validation": {
            "required": false,
            "type": "fillable_form_field",
          },
        },
      ],
      "id": "p2",
      "order": 1,
      "title": "Page Two",
    },
  ],
}
`;

exports[`structural store actions on a grid-less form (golden): removePage 1`] = `
{
  "pages": [
    {
      "fields": [
        {
          "defaultValue": "",
          "hint": "",
          "id": "fF",
          "label": "Colours",
          "options": [
            "Red",
            "Blue",
          ],
          "placeholder": "",
          "prefix": "",
          "required": false,
          "type": "checkbox_field",
          "validation": {
            "required": false,
            "type": "checkbox_field_validation",
          },
        },
        {
          "defaultValue": "",
          "hint": "",
          "id": "fG",
          "label": "Size",
          "options": [
            "S",
            "M",
            "L",
          ],
          "placeholder": "",
          "prefix": "",
          "required": false,
          "type": "radio_field",
          "validation": {
            "required": false,
            "type": "fillable_form_field",
          },
        },
        {
          "defaultValue": "",
          "hint": "",
          "id": "fH",
          "label": "When",
          "placeholder": "",
          "prefix": "",
          "required": false,
          "type": "date_field",
          "validation": {
            "required": false,
            "type": "fillable_form_field",
          },
        },
      ],
      "id": "p2",
      "order": 0,
      "title": "Page Two",
    },
    {
      "description": "",
      "fields": [
        {
          "defaultValue": "",
          "hint": "",
          "id": "fB",
          "label": "Email",
          "placeholder": "",
          "prefix": "",
          "required": true,
          "suffix": "",
          "type": "email_field",
          "validation": {
            "required": true,
            "type": "fillable_form_field",
          },
        },
        {
          "defaultValue": "",
          "hint": "",
          "id": "f000000004",
          "label": "Email (Copy)",
          "placeholder": "",
          "prefix": "",
          "required": true,
          "suffix": "",
          "type": "email_field",
          "validation": {
            "required": true,
            "type": "fillable_form_field",
          },
        },
        {
          "defaultValue": "",
          "deleted": true,
          "hint": "",
          "id": "fC",
          "label": "Removed earlier",
          "placeholder": "",
          "prefix": "",
          "required": false,
          "suffix": "",
          "type": "number_field",
          "validation": {
            "required": false,
            "type": "fillable_form_field",
          },
        },
        {
          "defaultValue": "",
          "hint": "",
          "id": "f000000003",
          "label": "Inserted",
          "options": [
            "x",
          ],
          "placeholder": "",
          "prefix": "",
          "required": false,
          "suffix": "",
          "type": "select_field",
          "validation": {
            "required": false,
            "type": "fillable_form_field",
          },
        },
        {
          "defaultValue": "",
          "hint": "",
          "id": "f000000005",
          "label": "Name",
          "placeholder": "",
          "prefix": "",
          "required": false,
          "suffix": "",
          "type": "text_area_field",
          "validation": {
            "required": false,
            "type": "text_field_validation",
          },
        },
        {
          "defaultValue": "",
          "hint": "",
          "id": "fD",
          "label": "Age",
          "max": 99,
          "min": 1,
          "placeholder": "",
          "prefix": "",
          "required": false,
          "suffix": "",
          "type": "number_field",
          "validation": {
            "required": false,
            "type": "fillable_form_field",
          },
        },
        {
          "content": "<p>Intro</p>",
          "defaultValue": "",
          "hint": "",
          "id": "fE",
          "label": "",
          "placeholder": "",
          "prefix": "",
          "required": false,
          "suffix": "",
          "type": "rich_text_field",
          "validation": null,
        },
        {
          "defaultValue": "",
          "hint": "",
          "id": "f000000001",
          "label": "Comments",
          "placeholder": "",
          "prefix": "",
          "required": false,
          "suffix": "",
          "type": "text_area_field",
          "validation": {
            "required": false,
            "type": "text_field_validation",
          },
        },
        {
          "content": "<p>Hello</p>",
          "defaultValue": "",
          "hint": "",
          "id": "f000000002",
          "label": "",
          "placeholder": "",
          "prefix": "",
          "required": false,
          "suffix": "",
          "type": "rich_text_field",
          "validation": null,
        },
        {
          "defaultValue": "",
          "hint": "",
          "id": "f000000006",
          "label": "Size (Copy)",
          "options": [
            "S",
            "M",
            "L",
          ],
          "placeholder": "",
          "prefix": "",
          "required": false,
          "suffix": "",
          "type": "radio_field",
          "validation": {
            "required": false,
            "type": "fillable_form_field",
          },
        },
      ],
      "id": "p1",
      "order": 1,
      "showPageName": false,
      "title": "Renamed",
    },
    {
      "description": "",
      "fields": [
        {
          "defaultValue": [],
          "hint": "",
          "id": "f000000009",
          "label": "Colours",
          "options": [
            "Red",
            "Blue",
          ],
          "placeholder": "",
          "prefix": "",
          "required": false,
          "suffix": "",
          "type": "checkbox_field",
          "validation": {
            "required": false,
            "type": "checkbox_field_validation",
          },
        },
        {
          "defaultValue": "",
          "hint": "",
          "id": "f000000010",
          "label": "Size",
          "options": [
            "S",
            "M",
            "L",
          ],
          "placeholder": "",
          "prefix": "",
          "required": false,
          "suffix": "",
          "type": "radio_field",
          "validation": {
            "required": false,
            "type": "fillable_form_field",
          },
        },
        {
          "defaultValue": "",
          "hint": "",
          "id": "f000000011",
          "label": "When",
          "placeholder": "",
          "prefix": "",
          "required": false,
          "suffix": "",
          "type": "date_field",
          "validation": {
            "required": false,
            "type": "fillable_form_field",
          },
        },
      ],
      "id": "p000000008",
      "order": 2,
      "showPageName": true,
      "title": "Page Two (Copy)",
    },
    {
      "fields": [],
      "id": "p000000007",
      "order": 3,
      "showPageName": true,
      "title": "New Page 3",
    },
  ],
}
`;

exports[`structural store actions on a grid-less form (golden): reorderFields 1`] = `
{
  "pages": [
    {
      "fields": [
        {
          "defaultValue": "",
          "hint": "",
          "id": "fB",
          "label": "Email",
          "placeholder": "",
          "prefix": "",
          "required": true,
          "type": "email_field",
          "validation": {
            "required": true,
            "type": "fillable_form_field",
          },
        },
        {
          "defaultValue": "",
          "deleted": true,
          "hint": "",
          "id": "fC",
          "label": "Removed earlier",
          "placeholder": "",
          "prefix": "",
          "required": false,
          "type": "number_field",
          "validation": {
            "required": false,
            "type": "fillable_form_field",
          },
        },
        {
          "defaultValue": "",
          "hint": "",
          "id": "f000000003",
          "label": "Inserted",
          "options": [
            "x",
          ],
          "placeholder": "",
          "prefix": "",
          "required": false,
          "suffix": "",
          "type": "select_field",
          "validation": {
            "required": false,
            "type": "fillable_form_field",
          },
        },
        {
          "defaultValue": "",
          "hint": "",
          "id": "fA",
          "label": "Name",
          "placeholder": "",
          "prefix": "",
          "required": false,
          "suffix": "",
          "type": "text_input_field",
          "validation": {
            "required": false,
            "type": "text_field_validation",
          },
        },
        {
          "defaultValue": "",
          "hint": "",
          "id": "fD",
          "label": "Age",
          "max": 99,
          "min": 1,
          "placeholder": "",
          "prefix": "",
          "required": false,
          "type": "number_field",
          "validation": {
            "required": false,
            "type": "fillable_form_field",
          },
        },
        {
          "content": "<p>Intro</p>",
          "defaultValue": "",
          "hint": "",
          "id": "fE",
          "label": "",
          "placeholder": "",
          "prefix": "",
          "required": false,
          "type": "rich_text_field",
        },
        {
          "defaultValue": "",
          "hint": "",
          "id": "f000000001",
          "label": "Comments",
          "placeholder": "",
          "prefix": "",
          "required": false,
          "suffix": "",
          "type": "text_area_field",
          "validation": {
            "required": false,
            "type": "text_field_validation",
          },
        },
        {
          "content": "<p>Hello</p>",
          "id": "f000000002",
          "type": "rich_text_field",
        },
      ],
      "id": "p1",
      "order": 0,
      "title": "Page One",
    },
    {
      "fields": [
        {
          "defaultValue": "",
          "hint": "",
          "id": "fF",
          "label": "Colours",
          "options": [
            "Red",
            "Blue",
          ],
          "placeholder": "",
          "prefix": "",
          "required": false,
          "type": "checkbox_field",
          "validation": {
            "required": false,
            "type": "checkbox_field_validation",
          },
        },
        {
          "defaultValue": "",
          "hint": "",
          "id": "fG",
          "label": "Size",
          "options": [
            "S",
            "M",
            "L",
          ],
          "placeholder": "",
          "prefix": "",
          "required": false,
          "type": "radio_field",
          "validation": {
            "required": false,
            "type": "fillable_form_field",
          },
        },
        {
          "defaultValue": "",
          "hint": "",
          "id": "fH",
          "label": "When",
          "placeholder": "",
          "prefix": "",
          "required": false,
          "type": "date_field",
          "validation": {
            "required": false,
            "type": "fillable_form_field",
          },
        },
      ],
      "id": "p2",
      "order": 1,
      "title": "Page Two",
    },
  ],
}
`;

exports[`structural store actions on a grid-less form (golden): reorderPages 1`] = `
{
  "pages": [
    {
      "description": "",
      "fields": [],
      "id": "p9",
      "order": 0,
      "showPageName": true,
      "title": "Inserted Page",
    },
    {
      "fields": [
        {
          "defaultValue": "",
          "hint": "",
          "id": "fF",
          "label": "Colours",
          "options": [
            "Red",
            "Blue",
          ],
          "placeholder": "",
          "prefix": "",
          "required": false,
          "type": "checkbox_field",
          "validation": {
            "required": false,
            "type": "checkbox_field_validation",
          },
        },
        {
          "defaultValue": "",
          "hint": "",
          "id": "fG",
          "label": "Size",
          "options": [
            "S",
            "M",
            "L",
          ],
          "placeholder": "",
          "prefix": "",
          "required": false,
          "type": "radio_field",
          "validation": {
            "required": false,
            "type": "fillable_form_field",
          },
        },
        {
          "defaultValue": "",
          "hint": "",
          "id": "fH",
          "label": "When",
          "placeholder": "",
          "prefix": "",
          "required": false,
          "type": "date_field",
          "validation": {
            "required": false,
            "type": "fillable_form_field",
          },
        },
      ],
      "id": "p2",
      "order": 1,
      "title": "Page Two",
    },
    {
      "description": "",
      "fields": [
        {
          "defaultValue": "",
          "hint": "",
          "id": "fB",
          "label": "Email",
          "placeholder": "",
          "prefix": "",
          "required": true,
          "suffix": "",
          "type": "email_field",
          "validation": {
            "required": true,
            "type": "fillable_form_field",
          },
        },
        {
          "defaultValue": "",
          "hint": "",
          "id": "f000000004",
          "label": "Email (Copy)",
          "placeholder": "",
          "prefix": "",
          "required": true,
          "suffix": "",
          "type": "email_field",
          "validation": {
            "required": true,
            "type": "fillable_form_field",
          },
        },
        {
          "defaultValue": "",
          "deleted": true,
          "hint": "",
          "id": "fC",
          "label": "Removed earlier",
          "placeholder": "",
          "prefix": "",
          "required": false,
          "suffix": "",
          "type": "number_field",
          "validation": {
            "required": false,
            "type": "fillable_form_field",
          },
        },
        {
          "defaultValue": "",
          "hint": "",
          "id": "f000000003",
          "label": "Inserted",
          "options": [
            "x",
          ],
          "placeholder": "",
          "prefix": "",
          "required": false,
          "suffix": "",
          "type": "select_field",
          "validation": {
            "required": false,
            "type": "fillable_form_field",
          },
        },
        {
          "defaultValue": "",
          "hint": "",
          "id": "f000000005",
          "label": "Name",
          "placeholder": "",
          "prefix": "",
          "required": false,
          "suffix": "",
          "type": "text_area_field",
          "validation": {
            "required": false,
            "type": "text_field_validation",
          },
        },
        {
          "defaultValue": "",
          "hint": "",
          "id": "fD",
          "label": "Age",
          "max": 99,
          "min": 1,
          "placeholder": "",
          "prefix": "",
          "required": false,
          "suffix": "",
          "type": "number_field",
          "validation": {
            "required": false,
            "type": "fillable_form_field",
          },
        },
        {
          "content": "<p>Intro</p>",
          "defaultValue": "",
          "hint": "",
          "id": "fE",
          "label": "",
          "placeholder": "",
          "prefix": "",
          "required": false,
          "suffix": "",
          "type": "rich_text_field",
          "validation": null,
        },
        {
          "defaultValue": "",
          "hint": "",
          "id": "f000000001",
          "label": "Comments",
          "placeholder": "",
          "prefix": "",
          "required": false,
          "suffix": "",
          "type": "text_area_field",
          "validation": {
            "required": false,
            "type": "text_field_validation",
          },
        },
        {
          "content": "<p>Hello</p>",
          "defaultValue": "",
          "hint": "",
          "id": "f000000002",
          "label": "",
          "placeholder": "",
          "prefix": "",
          "required": false,
          "suffix": "",
          "type": "rich_text_field",
          "validation": null,
        },
        {
          "defaultValue": "",
          "hint": "",
          "id": "f000000006",
          "label": "Size (Copy)",
          "options": [
            "S",
            "M",
            "L",
          ],
          "placeholder": "",
          "prefix": "",
          "required": false,
          "suffix": "",
          "type": "radio_field",
          "validation": {
            "required": false,
            "type": "fillable_form_field",
          },
        },
      ],
      "id": "p1",
      "order": 2,
      "showPageName": false,
      "title": "Renamed",
    },
    {
      "description": "",
      "fields": [
        {
          "defaultValue": [],
          "hint": "",
          "id": "f000000009",
          "label": "Colours",
          "options": [
            "Red",
            "Blue",
          ],
          "placeholder": "",
          "prefix": "",
          "required": false,
          "suffix": "",
          "type": "checkbox_field",
          "validation": {
            "required": false,
            "type": "checkbox_field_validation",
          },
        },
        {
          "defaultValue": "",
          "hint": "",
          "id": "f000000010",
          "label": "Size",
          "options": [
            "S",
            "M",
            "L",
          ],
          "placeholder": "",
          "prefix": "",
          "required": false,
          "suffix": "",
          "type": "radio_field",
          "validation": {
            "required": false,
            "type": "fillable_form_field",
          },
        },
        {
          "defaultValue": "",
          "hint": "",
          "id": "f000000011",
          "label": "When",
          "placeholder": "",
          "prefix": "",
          "required": false,
          "suffix": "",
          "type": "date_field",
          "validation": {
            "required": false,
            "type": "fillable_form_field",
          },
        },
      ],
      "id": "p000000008",
      "order": 3,
      "showPageName": true,
      "title": "Page Two (Copy)",
    },
    {
      "fields": [],
      "id": "p000000007",
      "order": 4,
      "showPageName": true,
      "title": "New Page 3",
    },
  ],
}
`;

exports[`structural store actions on a grid-less form (golden): restoreField flips the deleted flag back 1`] = `
{
  "pages": [
    {
      "fields": [
        {
          "defaultValue": "",
          "hint": "",
          "id": "fB",
          "label": "Email",
          "placeholder": "",
          "prefix": "",
          "required": true,
          "type": "email_field",
          "validation": {
            "required": true,
            "type": "fillable_form_field",
          },
        },
        {
          "defaultValue": "",
          "hint": "",
          "id": "f000000004",
          "label": "Email (Copy)",
          "placeholder": "",
          "prefix": "",
          "required": true,
          "suffix": "",
          "type": "email_field",
          "validation": {
            "required": true,
            "type": "fillable_form_field",
          },
        },
        {
          "defaultValue": "",
          "deleted": true,
          "hint": "",
          "id": "fC",
          "label": "Removed earlier",
          "placeholder": "",
          "prefix": "",
          "required": false,
          "type": "number_field",
          "validation": {
            "required": false,
            "type": "fillable_form_field",
          },
        },
        {
          "defaultValue": "",
          "hint": "",
          "id": "f000000003",
          "label": "Inserted",
          "options": [
            "x",
          ],
          "placeholder": "",
          "prefix": "",
          "required": false,
          "suffix": "",
          "type": "select_field",
          "validation": {
            "required": false,
            "type": "fillable_form_field",
          },
        },
        {
          "defaultValue": "",
          "hint": "",
          "id": "f000000005",
          "label": "Name",
          "placeholder": "",
          "prefix": "",
          "required": false,
          "suffix": "",
          "type": "text_area_field",
          "validation": {
            "required": false,
            "type": "text_field_validation",
          },
        },
        {
          "defaultValue": "",
          "deleted": false,
          "hint": "",
          "id": "fD",
          "label": "Age",
          "max": 99,
          "min": 1,
          "placeholder": "",
          "prefix": "",
          "required": false,
          "type": "number_field",
          "validation": {
            "required": false,
            "type": "fillable_form_field",
          },
        },
        {
          "content": "<p>Intro</p>",
          "defaultValue": "",
          "hint": "",
          "id": "fE",
          "label": "",
          "placeholder": "",
          "prefix": "",
          "required": false,
          "type": "rich_text_field",
        },
        {
          "defaultValue": "",
          "hint": "",
          "id": "f000000001",
          "label": "Comments",
          "placeholder": "",
          "prefix": "",
          "required": false,
          "suffix": "",
          "type": "text_area_field",
          "validation": {
            "required": false,
            "type": "text_field_validation",
          },
        },
        {
          "content": "<p>Hello</p>",
          "id": "f000000002",
          "type": "rich_text_field",
        },
      ],
      "id": "p1",
      "order": 0,
      "title": "Page One",
    },
    {
      "fields": [
        {
          "defaultValue": "",
          "hint": "",
          "id": "fF",
          "label": "Colours",
          "options": [
            "Red",
            "Blue",
          ],
          "placeholder": "",
          "prefix": "",
          "required": false,
          "type": "checkbox_field",
          "validation": {
            "required": false,
            "type": "checkbox_field_validation",
          },
        },
        {
          "defaultValue": "",
          "hint": "",
          "id": "fG",
          "label": "Size",
          "options": [
            "S",
            "M",
            "L",
          ],
          "placeholder": "",
          "prefix": "",
          "required": false,
          "type": "radio_field",
          "validation": {
            "required": false,
            "type": "fillable_form_field",
          },
        },
        {
          "defaultValue": "",
          "hint": "",
          "id": "fH",
          "label": "When",
          "placeholder": "",
          "prefix": "",
          "required": false,
          "type": "date_field",
          "validation": {
            "required": false,
            "type": "fillable_form_field",
          },
        },
      ],
      "id": "p2",
      "order": 1,
      "title": "Page Two",
    },
  ],
}
`;

exports[`structural store actions on a grid-less form (golden): updatePageTitle / updatePageShowName 1`] = `
{
  "pages": [
    {
      "fields": [
        {
          "defaultValue": "",
          "hint": "",
          "id": "fB",
          "label": "Email",
          "placeholder": "",
          "prefix": "",
          "required": true,
          "type": "email_field",
          "validation": {
            "required": true,
            "type": "fillable_form_field",
          },
        },
        {
          "defaultValue": "",
          "hint": "",
          "id": "f000000004",
          "label": "Email (Copy)",
          "placeholder": "",
          "prefix": "",
          "required": true,
          "suffix": "",
          "type": "email_field",
          "validation": {
            "required": true,
            "type": "fillable_form_field",
          },
        },
        {
          "defaultValue": "",
          "deleted": true,
          "hint": "",
          "id": "fC",
          "label": "Removed earlier",
          "placeholder": "",
          "prefix": "",
          "required": false,
          "type": "number_field",
          "validation": {
            "required": false,
            "type": "fillable_form_field",
          },
        },
        {
          "defaultValue": "",
          "hint": "",
          "id": "f000000003",
          "label": "Inserted",
          "options": [
            "x",
          ],
          "placeholder": "",
          "prefix": "",
          "required": false,
          "suffix": "",
          "type": "select_field",
          "validation": {
            "required": false,
            "type": "fillable_form_field",
          },
        },
        {
          "defaultValue": "",
          "hint": "",
          "id": "f000000005",
          "label": "Name",
          "placeholder": "",
          "prefix": "",
          "required": false,
          "suffix": "",
          "type": "text_area_field",
          "validation": {
            "required": false,
            "type": "text_field_validation",
          },
        },
        {
          "defaultValue": "",
          "deleted": false,
          "hint": "",
          "id": "fD",
          "label": "Age",
          "max": 99,
          "min": 1,
          "placeholder": "",
          "prefix": "",
          "required": false,
          "type": "number_field",
          "validation": {
            "required": false,
            "type": "fillable_form_field",
          },
        },
        {
          "content": "<p>Intro</p>",
          "defaultValue": "",
          "hint": "",
          "id": "fE",
          "label": "",
          "placeholder": "",
          "prefix": "",
          "required": false,
          "type": "rich_text_field",
        },
        {
          "defaultValue": "",
          "hint": "",
          "id": "f000000001",
          "label": "Comments",
          "placeholder": "",
          "prefix": "",
          "required": false,
          "suffix": "",
          "type": "text_area_field",
          "validation": {
            "required": false,
            "type": "text_field_validation",
          },
        },
        {
          "content": "<p>Hello</p>",
          "id": "f000000002",
          "type": "rich_text_field",
        },
        {
          "defaultValue": "",
          "hint": "",
          "id": "f000000006",
          "label": "Size (Copy)",
          "options": [
            "S",
            "M",
            "L",
          ],
          "placeholder": "",
          "prefix": "",
          "required": false,
          "suffix": "",
          "type": "radio_field",
          "validation": {
            "required": false,
            "type": "fillable_form_field",
          },
        },
      ],
      "id": "p1",
      "order": 0,
      "showPageName": false,
      "title": "Renamed",
    },
    {
      "description": "",
      "fields": [],
      "id": "p9",
      "order": 1,
      "showPageName": true,
      "title": "Inserted Page",
    },
    {
      "fields": [
        {
          "defaultValue": "",
          "hint": "",
          "id": "fF",
          "label": "Colours",
          "options": [
            "Red",
            "Blue",
          ],
          "placeholder": "",
          "prefix": "",
          "required": false,
          "type": "checkbox_field",
          "validation": {
            "required": false,
            "type": "checkbox_field_validation",
          },
        },
        {
          "defaultValue": "",
          "hint": "",
          "id": "fG",
          "label": "Size",
          "options": [
            "S",
            "M",
            "L",
          ],
          "placeholder": "",
          "prefix": "",
          "required": false,
          "type": "radio_field",
          "validation": {
            "required": false,
            "type": "fillable_form_field",
          },
        },
        {
          "defaultValue": "",
          "hint": "",
          "id": "fH",
          "label": "When",
          "placeholder": "",
          "prefix": "",
          "required": false,
          "type": "date_field",
          "validation": {
            "required": false,
            "type": "fillable_form_field",
          },
        },
      ],
      "id": "p2",
      "order": 2,
      "title": "Page Two",
    },
    {
      "description": "",
      "fields": [
        {
          "defaultValue": [],
          "hint": "",
          "id": "f000000009",
          "label": "Colours",
          "options": [
            "Red",
            "Blue",
          ],
          "placeholder": "",
          "prefix": "",
          "required": false,
          "suffix": "",
          "type": "checkbox_field",
          "validation": {
            "required": false,
            "type": "checkbox_field_validation",
          },
        },
        {
          "defaultValue": "",
          "hint": "",
          "id": "f000000010",
          "label": "Size",
          "options": [
            "S",
            "M",
            "L",
          ],
          "placeholder": "",
          "prefix": "",
          "required": false,
          "suffix": "",
          "type": "radio_field",
          "validation": {
            "required": false,
            "type": "fillable_form_field",
          },
        },
        {
          "defaultValue": "",
          "hint": "",
          "id": "f000000011",
          "label": "When",
          "placeholder": "",
          "prefix": "",
          "required": false,
          "suffix": "",
          "type": "date_field",
          "validation": {
            "required": false,
            "type": "fillable_form_field",
          },
        },
      ],
      "id": "p000000008",
      "order": 3,
      "showPageName": true,
      "title": "Page Two (Copy)",
    },
    {
      "fields": [],
      "id": "p000000007",
      "order": 4,
      "showPageName": true,
      "title": "New Page 3",
    },
  ],
}
`;
